\BOOKMARK [1][-]{section.1}{\376\377\000I\000n\000t\000r\000o\000d\000u\000c\000t\000i\000o\000n}{}% 1
\BOOKMARK [1][-]{section.2}{\376\377\000T\000h\000e\000\040\000C\000o\000m\000p\000u\000t\000e\000-\000M\000e\000m\000o\000r\000y\000\040\000D\000i\000v\000i\000d\000e}{}% 2
\BOOKMARK [2][-]{subsection.2.1}{\376\377\000A\000r\000i\000t\000h\000m\000e\000t\000i\000c\000\040\000I\000n\000t\000e\000n\000s\000i\000t\000y\000\040\000A\000n\000a\000l\000y\000s\000i\000s}{section.2}% 3
\BOOKMARK [2][-]{subsection.2.2}{\376\377\000G\000P\000U\000\040\000U\000t\000i\000l\000i\000z\000a\000t\000i\000o\000n\000\040\000D\000u\000r\000i\000n\000g\000\040\000D\000e\000c\000o\000d\000e}{section.2}% 4
\BOOKMARK [2][-]{subsection.2.3}{\376\377\000V\000e\000n\000d\000o\000r\000\040\000S\000t\000a\000c\000k\000\040\000C\000o\000m\000p\000a\000r\000i\000s\000o\000n}{section.2}% 5
\BOOKMARK [1][-]{section.3}{\376\377\000C\000P\000U\000-\000C\000e\000n\000t\000r\000i\000c\000\040\000D\000i\000s\000a\000g\000g\000r\000e\000g\000a\000t\000e\000d\000\040\000A\000r\000c\000h\000i\000t\000e\000c\000t\000u\000r\000e}{}% 6
\BOOKMARK [2][-]{subsection.3.1}{\376\377\000A\000r\000c\000h\000i\000t\000e\000c\000t\000u\000r\000e\000\040\000O\000v\000e\000r\000v\000i\000e\000w}{section.3}% 7
\BOOKMARK [2][-]{subsection.3.2}{\376\377\000C\000P\000U\000\040\000D\000e\000c\000o\000d\000e\000\040\000P\000e\000r\000f\000o\000r\000m\000a\000n\000c\000e}{section.3}% 8
\BOOKMARK [2][-]{subsection.3.3}{\376\377\000C\000P\000U\000\040\000A\000r\000c\000h\000i\000t\000e\000c\000t\000u\000r\000e\000\040\000C\000o\000m\000p\000a\000r\000i\000s\000o\000n\000\040\000f\000o\000r\000\040\000D\000e\000c\000o\000d\000e}{section.3}% 9
\BOOKMARK [3][-]{subsubsection.3.3.1}{\376\377\000I\000n\000t\000e\000l\000\040\000X\000e\000o\000n\000\040\000G\000r\000a\000n\000i\000t\000e\000\040\000R\000a\000p\000i\000d\000s\000\040\000w\000i\000t\000h\000\040\000A\000M\000X}{subsection.3.3}% 10
\BOOKMARK [3][-]{subsubsection.3.3.2}{\376\377\000A\000M\000D\000\040\000E\000P\000Y\000C\000\040\000G\000e\000n\000o\000a\000/\000T\000u\000r\000i\000n\000\040\000w\000i\000t\000h\000\040\000A\000V\000X\000-\0005\0001\0002}{subsection.3.3}% 11
\BOOKMARK [3][-]{subsubsection.3.3.3}{\376\377\000A\000R\000M\000\040\000G\000r\000a\000v\000i\000t\000o\000n\0004\000\040\000w\000i\000t\000h\000\040\000S\000V\000E\0002}{subsection.3.3}% 12
\BOOKMARK [1][-]{section.4}{\376\377\000C\000X\000L\000\040\000M\000e\000m\000o\000r\000y\000\040\000P\000o\000o\000l\000i\000n\000g\000\040\000f\000o\000r\000\040\000K\000V\000-\000C\000a\000c\000h\000e}{}% 13
\BOOKMARK [2][-]{subsection.4.1}{\376\377\000T\000h\000e\000\040\000K\000V\000-\000C\000a\000c\000h\000e\000\040\000M\000e\000m\000o\000r\000y\000\040\000C\000h\000a\000l\000l\000e\000n\000g\000e}{section.4}% 14
\BOOKMARK [2][-]{subsection.4.2}{\376\377\000C\000X\000L\000\040\0003\000.\0001\000\040\000M\000e\000m\000o\000r\000y\000\040\000P\000o\000o\000l\000i\000n\000g\000\040\000A\000r\000c\000h\000i\000t\000e\000c\000t\000u\000r\000e}{section.4}% 15
\BOOKMARK [2][-]{subsection.4.3}{\376\377\000S\000e\000v\000e\000n\000-\000T\000i\000e\000r\000\040\000M\000e\000m\000o\000r\000y\000\040\000a\000n\000d\000\040\000S\000t\000o\000r\000a\000g\000e\000\040\000H\000i\000e\000r\000a\000r\000c\000h\000y}{section.4}% 16
\BOOKMARK [1][-]{section.5}{\376\377\000C\000a\000c\000h\000e\000\040\000C\000o\000h\000e\000r\000e\000n\000c\000e\000\040\000A\000c\000r\000o\000s\000s\000\040\000t\000h\000e\000\040\000S\000t\000a\000c\000k}{}% 17
\BOOKMARK [2][-]{subsection.5.1}{\376\377\000H\000a\000r\000d\000w\000a\000r\000e\000\040\000C\000a\000c\000h\000e\000\040\000C\000o\000h\000e\000r\000e\000n\000c\000e\000\040\000\050\000T\000i\000e\000r\000s\000\040\0000\040\023\0003\000\051}{section.5}% 18
\BOOKMARK [2][-]{subsection.5.2}{\376\377\000S\000o\000f\000t\000w\000a\000r\000e\000\040\000C\000a\000c\000h\000e\000\040\000C\000o\000h\000e\000r\000e\000n\000c\000e\000\040\000\050\000T\000i\000e\000r\000s\000\040\0003\040\023\0006\000\051}{section.5}% 19
\BOOKMARK [2][-]{subsection.5.3}{\376\377\000C\000o\000h\000e\000r\000e\000n\000c\000e\000\040\000O\000v\000e\000r\000h\000e\000a\000d\000\040\000Q\000u\000a\000n\000t\000i\000f\000i\000c\000a\000t\000i\000o\000n}{section.5}% 20
\BOOKMARK [1][-]{section.6}{\376\377\000M\000u\000l\000t\000i\000-\000F\000o\000l\000d\000\040\000C\000o\000s\000t\000\040\000a\000n\000d\000\040\000P\000e\000r\000f\000o\000r\000m\000a\000n\000c\000e\000\040\000S\000t\000r\000a\000t\000e\000g\000i\000e\000s}{}% 21
\BOOKMARK [1][-]{section.7}{\376\377\000C\000l\000u\000s\000t\000e\000r\000-\000W\000i\000d\000e\000\040\000K\000V\000-\000C\000a\000c\000h\000e\000\040\000F\000a\000b\000r\000i\000c\000s}{}% 22
\BOOKMARK [2][-]{subsection.7.1}{\376\377\000M\000e\000m\000o\000r\000y\000A\000l\000l\000o\000y\000\040\000A\000r\000c\000h\000i\000t\000e\000c\000t\000u\000r\000e}{section.7}% 23
\BOOKMARK [2][-]{subsection.7.2}{\376\377\000I\000n\000t\000e\000g\000r\000a\000t\000i\000o\000n\000\040\000w\000i\000t\000h\000\040\000C\000P\000U\000\040\000D\000e\000c\000o\000d\000e}{section.7}% 24
\BOOKMARK [1][-]{section.8}{\376\377\000S\000p\000e\000c\000u\000l\000a\000t\000i\000v\000e\000\040\000D\000e\000c\000o\000d\000i\000n\000g\000\040\000o\000n\000\040\000C\000P\000U\000s}{}% 25
\BOOKMARK [2][-]{subsection.8.1}{\376\377\000W\000h\000y\000\040\000S\000p\000e\000c\000u\000l\000a\000t\000i\000v\000e\000\040\000D\000e\000c\000o\000d\000i\000n\000g\000\040\000F\000a\000v\000o\000r\000s\000\040\000C\000P\000U\000s}{section.8}% 26
\BOOKMARK [2][-]{subsection.8.2}{\376\377\000E\000A\000G\000L\000E\000-\0002\000\040\000C\000P\000U\000\040\000I\000m\000p\000l\000e\000m\000e\000n\000t\000a\000t\000i\000o\000n}{section.8}% 27
\BOOKMARK [2][-]{subsection.8.3}{\376\377\000I\000m\000p\000a\000c\000t\000\040\000o\000n\000\040\000C\000o\000s\000t\000-\000P\000a\000r\000i\000t\000y\000\040\000A\000n\000a\000l\000y\000s\000i\000s}{section.8}% 28
\BOOKMARK [1][-]{section.9}{\376\377\000W\000o\000r\000k\000l\000o\000a\000d\000\040\000R\000o\000u\000t\000i\000n\000g\000\040\000a\000n\000d\000\040\000C\000l\000a\000s\000s\000i\000f\000i\000c\000a\000t\000i\000o\000n}{}% 29
\BOOKMARK [2][-]{subsection.9.1}{\376\377\000R\000o\000u\000t\000i\000n\000g\000\040\000D\000e\000c\000i\000s\000i\000o\000n\000\040\000F\000r\000a\000m\000e\000w\000o\000r\000k}{section.9}% 30
\BOOKMARK [2][-]{subsection.9.2}{\376\377\000W\000o\000r\000k\000l\000o\000a\000d\000\040\000D\000i\000s\000t\000r\000i\000b\000u\000t\000i\000o\000n\000\040\000A\000n\000a\000l\000y\000s\000i\000s}{section.9}% 31
\BOOKMARK [2][-]{subsection.9.3}{\376\377\000C\000r\000o\000s\000s\000-\000C\000l\000o\000u\000d\000\040\000R\000o\000u\000t\000i\000n\000g\000\040\000R\000e\000s\000u\000l\000t\000s}{section.9}% 32
\BOOKMARK [1][-]{section.10}{\376\377\000F\000r\000o\000n\000t\000i\000e\000r\000\040\000M\000o\000d\000e\000l\000\040\000S\000c\000a\000l\000i\000n\000g\000\040\000o\000n\000\040\000C\000P\000U\000s}{}% 33
\BOOKMARK [2][-]{subsection.10.1}{\376\377\000M\000o\000E\000\040\000M\000o\000d\000e\000l\000s\000:\000\040\000T\000h\000e\000\040\000C\000P\000U\000\040\000A\000d\000v\000a\000n\000t\000a\000g\000e}{section.10}% 34
\BOOKMARK [2][-]{subsection.10.2}{\376\377\000D\000e\000n\000s\000e\000\040\000F\000r\000o\000n\000t\000i\000e\000r\000\040\000M\000o\000d\000e\000l\000s}{section.10}% 35
\BOOKMARK [2][-]{subsection.10.3}{\376\377\000A\000t\000t\000e\000n\000t\000i\000o\000n\000\040\000A\000r\000c\000h\000i\000t\000e\000c\000t\000u\000r\000e\000\040\000I\000m\000p\000a\000c\000t}{section.10}% 36
\BOOKMARK [1][-]{section.11}{\376\377\000O\000p\000t\000i\000m\000i\000z\000a\000t\000i\000o\000n\000\040\000S\000t\000a\000c\000k}{}% 37
\BOOKMARK [2][-]{subsection.11.1}{\376\377\000F\000u\000l\000l\000-\000S\000t\000a\000c\000k\000\040\000O\000p\000t\000i\000m\000i\000z\000a\000t\000i\000o\000n\000\040\000L\000a\000y\000e\000r\000s}{section.11}% 38
\BOOKMARK [2][-]{subsection.11.2}{\376\377\000Q\000u\000a\000n\000t\000i\000z\000a\000t\000i\000o\000n\000\040\000f\000o\000r\000\040\000C\000P\000U\000\040\000D\000e\000c\000o\000d\000e}{section.11}% 39
\BOOKMARK [2][-]{subsection.11.3}{\376\377\000M\000e\000m\000o\000r\000y\000\040\000P\000r\000e\000f\000e\000t\000c\000h\000\040\000P\000i\000p\000e\000l\000i\000n\000e}{section.11}% 40
\BOOKMARK [1][-]{section.12}{\376\377\000C\000l\000o\000u\000d\000\040\000P\000r\000o\000v\000i\000d\000e\000r\000\040\000A\000n\000a\000l\000y\000s\000i\000s}{}% 41
\BOOKMARK [1][-]{section.13}{\376\377\000E\000x\000p\000e\000r\000i\000m\000e\000n\000t\000a\000l\000\040\000E\000v\000a\000l\000u\000a\000t\000i\000o\000n}{}% 42
\BOOKMARK [2][-]{subsection.13.1}{\376\377\000E\000n\000d\000-\000t\000o\000-\000E\000n\000d\000\040\000S\000y\000s\000t\000e\000m\000\040\000C\000o\000m\000p\000a\000r\000i\000s\000o\000n}{section.13}% 43
\BOOKMARK [2][-]{subsection.13.2}{\376\377\000L\000a\000t\000e\000n\000c\000y\000\040\000A\000n\000a\000l\000y\000s\000i\000s}{section.13}% 44
\BOOKMARK [2][-]{subsection.13.3}{\376\377\000C\000a\000s\000e\000\040\000S\000t\000u\000d\000y\000:\000\040\000E\000n\000t\000e\000r\000p\000r\000i\000s\000e\000\040\000R\000A\000G\000\040\000P\000i\000p\000e\000l\000i\000n\000e}{section.13}% 45
\BOOKMARK [2][-]{subsection.13.4}{\376\377\000C\000a\000s\000e\000\040\000S\000t\000u\000d\000y\000:\000\040\000A\000g\000e\000n\000t\000i\000c\000\040\000W\000o\000r\000k\000f\000l\000o\000w}{section.13}% 46
\BOOKMARK [1][-]{section.14}{\376\377\000K\000V\000-\000C\000a\000c\000h\000e\000\040\000T\000r\000a\000n\000s\000f\000e\000r\000\040\000O\000p\000t\000i\000m\000i\000z\000a\000t\000i\000o\000n}{}% 47
\BOOKMARK [1][-]{section.15}{\376\377\000N\000e\000t\000w\000o\000r\000k\000\040\000A\000r\000c\000h\000i\000t\000e\000c\000t\000u\000r\000e\000\040\000f\000o\000r\000\040\000D\000i\000s\000a\000g\000g\000r\000e\000g\000a\000t\000i\000o\000n}{}% 48
\BOOKMARK [2][-]{subsection.15.1}{\376\377\000I\000n\000t\000r\000a\000-\000C\000l\000o\000u\000d\000\040\000H\000i\000g\000h\000-\000B\000a\000n\000d\000w\000i\000d\000t\000h\000\040\000N\000e\000t\000w\000o\000r\000k\000s}{section.15}% 49
\BOOKMARK [1][-]{section.16}{\376\377\000T\000o\000t\000a\000l\000\040\000C\000o\000s\000t\000\040\000o\000f\000\040\000O\000w\000n\000e\000r\000s\000h\000i\000p\000\040\000A\000n\000a\000l\000y\000s\000i\000s}{}% 50
\BOOKMARK [2][-]{subsection.16.1}{\376\377\000F\000l\000e\000e\000t\000-\000L\000e\000v\000e\000l\000\040\000C\000o\000s\000t\000\040\000M\000o\000d\000e\000l\000i\000n\000g}{section.16}% 51
\BOOKMARK [2][-]{subsection.16.2}{\376\377\000B\000r\000e\000a\000k\000-\000E\000v\000e\000n\000\040\000A\000n\000a\000l\000y\000s\000i\000s}{section.16}% 52
\BOOKMARK [2][-]{subsection.16.3}{\376\377\000S\000e\000n\000s\000i\000t\000i\000v\000i\000t\000y\000\040\000A\000n\000a\000l\000y\000s\000i\000s}{section.16}% 53
\BOOKMARK [2][-]{subsection.16.4}{\376\377\000C\000a\000s\000e\000\040\000S\000t\000u\000d\000y\000:\000\040\000M\000u\000l\000t\000i\000-\000C\000l\000o\000u\000d\000\040\000H\000e\000t\000e\000r\000o\000g\000e\000n\000e\000o\000u\000s\000\040\000F\000l\000e\000e\000t}{section.16}% 54
\BOOKMARK [2][-]{subsection.16.5}{\376\377\000E\000n\000e\000r\000g\000y\000\040\000I\000m\000p\000l\000i\000c\000a\000t\000i\000o\000n\000s}{section.16}% 55
\BOOKMARK [1][-]{section.17}{\376\377\000R\000e\000l\000a\000t\000e\000d\000\040\000W\000o\000r\000k}{}% 56
\BOOKMARK [1][-]{section.18}{\376\377\000I\000m\000p\000l\000e\000m\000e\000n\000t\000a\000t\000i\000o\000n\000\040\000D\000e\000t\000a\000i\000l\000s}{}% 57
\BOOKMARK [1][-]{section.19}{\376\377\000D\000i\000s\000c\000u\000s\000s\000i\000o\000n}{}% 58
\BOOKMARK [2][-]{subsection.19.1}{\376\377\000N\000o\000v\000e\000l\000t\000y\000\040\000v\000s\000.\000\040\000E\000x\000i\000s\000t\000i\000n\000g\000\040\000D\000i\000s\000a\000g\000g\000r\000e\000g\000a\000t\000e\000d\000\040\000F\000r\000a\000m\000e\000w\000o\000r\000k\000s}{section.19}% 59
\BOOKMARK [1][-]{section.20}{\376\377\000C\000o\000n\000c\000l\000u\000s\000i\000o\000n}{}% 60
\BOOKMARK [1][-]{section*.2}{\376\377\000R\000e\000f\000e\000r\000e\000n\000c\000e\000s}{}% 61
